Direct Arguments: 2 [--sky blue]
Parsed Arguments: 0 []
Sky: blue
