[WRN] loggings.command     hello warn message
[ERR] loggings.command     hello error message
