00:10:45 [ERR] libs.options.check : option '|-s|--sky|' requires argument
00:10:45 [ERR] private.base.exit : loading 'func:__kcs_options_hook_load' failed
00:10:45 [ERR] private.base.exit : loading 'commands:_options' failed ($KCT_PATH_TESTDIR/commands/_options.sh)
