Direct Arguments: 1 [-l]
Parsed Arguments: 0 []
Land: true
Rock: paper
