00:10:45 [PRT] cmd.tmpl_default : test template is "hello world"
