# opt_with_desc (0.0.1)
hello world

## Options
- |-h|--help|              - [NV] show help message
- |-v|--version|           - [NV] show compat version
- |-V|--full-version|      - [NV] show full version
