Direct Arguments: 1 [--rock=water]
Parsed Arguments: 0 []
Rock: water
