00:10:45 [PRT] cmd.tmpl_shell : shell template is "hello world"
