name  : arguments
ns    : cmd.arguments
args  : 3 [a b c]
raw   : <missing>
extra : <missing>
