key   : arguments
name  : Arguments
ns    : cmd.arguments
args  : 0 []
raw   : <missing>
extra : <missing>
