00:10:45 [ERR] cmd.loggings : hello error message
