Direct Arguments: 3 [-w -s example]
Parsed Arguments: 0 []
Sky: example
Rock: paper
