[WRN] init.options         skipped duplicate option (-L|--lander; LAND)
