[ERR] checker.options      option '|-r|--rock|' contained default argument and no custom argument provided
[ERR] exit.base            loading 'func:__kcs_options_hook_init' failed
[ERR] exit.base            loading 'commands:_options' failed ($KCT_PATH_TESTDIR/commands/_options.sh)
