Direct Arguments: 3 [-s example --rock]
Parsed Arguments: 0 []
Sky: example
Rock: paper
