key   : arguments
name  : Arguments
ns    : cmd.arguments
args  : 3 [a b c]
raw   : hello world
extra : <missing>
