00:00:00 [LOG] |    builtin/test | loading builtin/test utilities
