00:10:45 [ERR] private.loader.cb.miss : missing 'envs:missing_file' ($KCT_PATH_TESTDIR/envs/.missing_file $KCS_PATH_ROOT/envs/.missing_file $KCS_PATH_SRC/envs/.missing_file)
00:10:45 [ERR] private.base.exit : loading 'func:__kcs_env_missing_file_hook_setup' failed
00:10:45 [ERR] private.base.exit : loading 'commands:env/missing' failed ($KCT_PATH_TESTDIR/commands/env/missing.sh)
