00:00:00 [LOG] |        dry-exec | kcs_must_exec: __kcs_logger_pre_init ''
00:00:00 [LOG] |        dry-exec | kcs_optional_exec: __kcs_set_alias '__kcs_main_alias'
00:00:00 [LOG] |        dry-exec | kcs_optional_exec: __kcs_main_hook ''
00:00:00 [LOG] |        dry-exec | kcs_optional_exec: __kcs_utils_init '__kcs_main_init_utils'
00:00:00 [LOG] |        dry-exec | kcs_optional_exec: __kcs_set_name '__kcs_main_name'
00:00:00 [LOG] |        dry-exec | kcs_optional_exec: __kcs_set_version '__kcs_main_version'
00:00:00 [LOG] |        dry-exec | kcs_optional_exec: __kcs_set_options '__kcs_main_option_keys'
00:00:00 [LOG] |        dry-exec | kcs_optional_exec: __kcs_set_description '__kcs_main_description'
00:00:00 [LOG] |        dry-exec | kcs_optional_exec: __kcs_set_help '__kcs_main_help'
00:00:00 [LOG] |        dry-exec | kcs_optional_exec: __kcs_utils_check ''
00:00:00 [LOG] |        dry-exec | kcs_optional_exec: __kcs_init_check ''
00:00:00 [LOG] |        dry-exec | kcs_optional_exec: __kcs_default_init ''
00:00:00 [LOG] |        dry-exec | kcs_optional_exec: __kcs_main_init ''
00:00:00 [LOG] |        dry-exec | kcs_must_exec: __kcs_mode_load ''
00:00:00 [LOG] |        dry-exec | kcs_optional_exec: __kcs_parse_options ''
00:00:00 [LOG] |        dry-exec | kcs_optional_exec: __kcs_utils_init '__kcs_main_utils'
00:00:00 [LOG] |        dry-exec | kcs_optional_exec: __kcs_default_setup ''
00:00:00 [LOG] |        dry-exec | kcs_optional_exec: __kcs_main_setup ''
00:00:00 [LOG] |        dry-exec | kcs_optional_exec: __kcs_utils_check ''
00:00:00 [LOG] |        dry-exec | kcs_optional_exec: __kcs_load_check ''
00:00:00 [LOG] |        dry-exec | kcs_optional_exec: __kcs_default_config ''
00:00:00 [LOG] |        dry-exec | kcs_optional_exec: __kcs_main_config ''
00:00:00 [LOG] |        dry-exec | kcs_optional_exec: __kcs_main_check ''
00:00:00 [LOG] |        dry-exec | kcs_must_exec: __kcs_main ''
00:00:00 [LOG] |        dry-exec | kcs_optional_exec: __kcs_main_clean ''
00:00:00 [LOG] |        dry-exec | kcs_must_exec: __kcs_error_clean ''
00:00:00 [LOG] |        dry-exec | kcs_must_exec: __kcs_options_clean ''
00:00:00 [LOG] |        dry-exec | kcs_must_exec: __kcs_mode_clean ''
00:00:00 [LOG] |        dry-exec | kcs_must_exec: __kcs_utils_clean ''
00:00:00 [LOG] |        dry-exec | kcs_must_exec: __kcs_logger_clean ''
