00:10:45 [PRT] cmd.long : execute long command
00:10:45 [PRT] cmd.long : key      : long
00:10:45 [PRT] cmd.long : name     : long
00:10:45 [PRT] cmd.long : args     : 1 (cmd.long)
00:10:45 [PRT] cmd.long : cmd args : 0 ()
