00:10:45 [ERR] private.base.exit : missing 'commands:invalid/command' ($KCT_PATH_TESTDIR/commands/invalid/command.sh $KCS_PATH_ROOT/commands/invalid/command.sh $KCS_PATH_SRC/commands/invalid/command.sh)
00:10:45 [ERR] private.base.exit : loading 'func:__kcs_def_no_cmd_hook_setup' failed
00:10:45 [ERR] private.base.exit : loading 'commands:abc/def/no-cmd' failed ($KCT_PATH_TESTDIR/commands/abc/def/no-cmd.sh)
