name  : newsep
ns    : newsep.command
args  : 0 []
