Direct Arguments: 1 [-lf]
Parsed Arguments: 0 []
Land: true
Flower: true
