nested == nested
nested_a == nested_a
nested == nested
