Direct Arguments: 1 [--flower]
Parsed Arguments: 0 []
Flower: true
Rock: paper
