00:10:45 [ERR] private.loader.do : found '$KCT_PATH_TESTDIR/templates/*dup*.tmpl' more than 1 files ($KCT_PATH_TESTDIR/templates/dup.go.tmpl $KCT_PATH_TESTDIR/templates/dup.sh.tmpl $KCT_PATH_TESTDIR/templates/dup.tmpl)
00:10:45 [ERR] private.base.exit : loading 'func:__kcs_tmpl_dup_hook_main' failed
00:10:45 [ERR] private.base.exit : loading 'commands:templates/duplicate' failed ($KCT_PATH_TESTDIR/commands/templates/duplicate.sh)
