name  : arguments
ns    : cmd.arguments
args  : 3 [a b c]
raw   : raw argument
extra : hello
