[ERR] exit.base            missing 'commands:_empty' ($KCT_PATH_TESTDIR/commands/_empty.sh $KCS_PATH_ROOT/commands/_empty.sh $KCS_PATH_SRC/commands/_empty.sh)
